Amsterdam Karlsruhe : 510913
Oslo Karlsruhe : 1358724
Oslo Amsterdam : 1143440
Londres Karlsruhe : 743925
Londres Amsterdam : 394817
Londres Oslo : 1533376
Moscovo Karlsruhe : 2343221
Moscovo Amsterdam : 2388747
Moscovo Oslo : 1895081
Moscovo Londres : 2774233
Casablanca Karlsruhe : 2543090
Casablanca Amsterdam : 2646276
Casablanca Oslo : 3725837
Casablanca Londres : 2472244
Casablanca Moscovo : 4864158
La Valleta Karlsruhe : 1983570
La Valleta Amsterdam : 2489900
La Valleta Oslo : 3233407
La Valleta Londres : 2542069
La Valleta Moscovo : 3408253
La Valleta Casablanca : 2843932
San Sebastian Karlsruhe : 1166881
San Sebastian Amsterdam : 1258372
San Sebastian Oslo : 2337933
San Sebastian Londres : 1076632
San Sebastian Moscovo : 3486121
San Sebastian Casablanca : 1428057
San Sebastian La Valleta : 2135533
Funchal Karlsruhe : 2779651
Funchal Amsterdam : 2808197
Funchal Oslo : 3649024
Funchal Londres : 2501537
Funchal Moscovo : 4882855
Funchal Casablanca : 875778
Funchal La Valleta : 2901440
Funchal San Sebastian : 1762582
Cracóvia Karlsruhe : 950430
Cracóvia Amsterdam : 1186869
Cracóvia Oslo : 1421149
Cracóvia Londres : 1564574
Cracóvia Moscovo : 1463375
Cracóvia Casablanca : 3450074
Cracóvia La Valleta : 2093339
Cracóvia San Sebastian : 2094778
Cracóvia Funchal : 3584643
Karlsruhe Schloss Entenfang : 448509
Karlsruhe Zoologischer Stadtgarten Entenfang : 448904
Karlsruhe Zoologischer Stadtgarten Karlsruhe Schloss : 428
Karlsruhe ZKM Entenfang : 450088
Karlsruhe ZKM Karlsruhe Schloss : 2261
Karlsruhe ZKM Karlsruhe Zoologischer Stadtgarten : 2055
Karlsruhe Badisches Landesmuseum Entenfang : 448904
Karlsruhe Badisches Landesmuseum Karlsruhe Schloss : 428
Karlsruhe Badisches Landesmuseum Karlsruhe Zoologischer Stadtgarten : 0
Karlsruhe Badisches Landesmuseum Karlsruhe ZKM : 2040
Durlach Turmberg Entenfang : 449296
Durlach Turmberg Karlsruhe Schloss : 6542
Durlach Turmberg Karlsruhe Zoologischer Stadtgarten : 6524
Durlach Turmberg Karlsruhe ZKM : 8238
Durlach Turmberg Karlsruhe Badisches Landesmuseum : 6524
Karlsruhe Staatliche Kunsthalle Entenfang : 448904
Karlsruhe Staatliche Kunsthalle Karlsruhe Schloss : 428
Karlsruhe Staatliche Kunsthalle Karlsruhe Zoologischer Stadtgarten : 0
Karlsruhe Staatliche Kunsthalle Karlsruhe ZKM : 2040
Karlsruhe Staatliche Kunsthalle Karlsruhe Badisches Landesmuseum : 0
Karlsruhe Staatliche Kunsthalle Durlach Turmberg : 6524
Naturkundemuseum Karlsruhe Entenfang : 461944
Naturkundemuseum Karlsruhe Karlsruhe Schloss : 28182
Naturkundemuseum Karlsruhe Karlsruhe Zoologischer Stadtgarten : 28164
Naturkundemuseum Karlsruhe Karlsruhe ZKM : 29098
Naturkundemuseum Karlsruhe Karlsruhe Badisches Landesmuseum : 28164
Naturkundemuseum Karlsruhe Durlach Turmberg : 21831
Naturkundemuseum Karlsruhe Karlsruhe Staatliche Kunsthalle : 28164
Pfarrkirche St Stephan Entenfang : 585196
Pfarrkirche St Stephan Karlsruhe Schloss : 383698
Pfarrkirche St Stephan Karlsruhe Zoologischer Stadtgarten : 383680
Pfarrkirche St Stephan Karlsruhe ZKM : 385394
Pfarrkirche St Stephan Karlsruhe Badisches Landesmuseum : 383680
Pfarrkirche St Stephan Durlach Turmberg : 377127
Pfarrkirche St Stephan Karlsruhe Staatliche Kunsthalle : 383680
Pfarrkirche St Stephan Naturkundemuseum Karlsruhe : 358105
Schl Karlsruhe Entenfang : 448904
Schl Karlsruhe Karlsruhe Schloss : 428
Schl Karlsruhe Karlsruhe Zoologischer Stadtgarten : 0
Schl Karlsruhe Karlsruhe ZKM : 2040
Schl Karlsruhe Karlsruhe Badisches Landesmuseum : 0
Schl Karlsruhe Durlach Turmberg : 6524
Schl Karlsruhe Karlsruhe Staatliche Kunsthalle : 0
Schl Karlsruhe Naturkundemuseum Karlsruhe : 28195
Schl Karlsruhe Pfarrkirche St Stephan : 383472
Alter Schlachthof Karlsruhe Entenfang : 449108
Alter Schlachthof Karlsruhe Karlsruhe Schloss : 2389
Alter Schlachthof Karlsruhe Karlsruhe Zoologischer Stadtgarten : 2158
Alter Schlachthof Karlsruhe Karlsruhe ZKM : 3874
Alter Schlachthof Karlsruhe Karlsruhe Badisches Landesmuseum : 2158
Alter Schlachthof Karlsruhe Durlach Turmberg : 4402
Alter Schlachthof Karlsruhe Karlsruhe Staatliche Kunsthalle : 2158
Alter Schlachthof Karlsruhe Naturkundemuseum Karlsruhe : 26073
Alter Schlachthof Karlsruhe Pfarrkirche St Stephan : 381350
Alter Schlachthof Karlsruhe Schl Karlsruhe : 2158
Evangelische Christuskirche Karlsruhe Entenfang : 445450
Evangelische Christuskirche Karlsruhe Karlsruhe Schloss : 5705
Evangelische Christuskirche Karlsruhe Karlsruhe Zoologischer Stadtgarten : 5980
Evangelische Christuskirche Karlsruhe Karlsruhe ZKM : 6480
Evangelische Christuskirche Karlsruhe Karlsruhe Badisches Landesmuseum : 5980
Evangelische Christuskirche Karlsruhe Durlach Turmberg : 11706
Evangelische Christuskirche Karlsruhe Karlsruhe Staatliche Kunsthalle : 5980
Evangelische Christuskirche Karlsruhe Naturkundemuseum Karlsruhe : 32821
Evangelische Christuskirche Karlsruhe Pfarrkirche St Stephan : 387982
Evangelische Christuskirche Karlsruhe Schl Karlsruhe : 5980
Evangelische Christuskirche Karlsruhe Alter Schlachthof Karlsruhe : 7838
Karlsruhe Schloss Entenfang Karlsruhe : 428
Karlsruhe Zoologischer Stadtgarten Entenfang Karlsruhe : 0
Karlsruhe ZKM Entenfang Karlsruhe : 2055
Karlsruhe Badisches Landesmuseum Entenfang Karlsruhe : 0
Durlach Turmberg Entenfang Karlsruhe : 6524
Karlsruhe Staatliche Kunsthalle Entenfang Karlsruhe : 0
Naturkundemuseum Karlsruhe Entenfang Karlsruhe : 28164
Pfarrkirche St Stephan Karlsruhe Entenfang Karlsruhe : 0
Pfarrkirche St Stephan Karlsruhe Karlsruhe Schloss : 428
Pfarrkirche St Stephan Karlsruhe Karlsruhe Zoologischer Stadtgarten : 0
Pfarrkirche St Stephan Karlsruhe Karlsruhe ZKM : 2040
Pfarrkirche St Stephan Karlsruhe Karlsruhe Badisches Landesmuseum : 0
Pfarrkirche St Stephan Karlsruhe Durlach Turmberg : 6524
Pfarrkirche St Stephan Karlsruhe Karlsruhe Staatliche Kunsthalle : 0
Pfarrkirche St Stephan Karlsruhe Naturkundemuseum Karlsruhe : 28195
Schloss Gottesaue Karlsruhe Entenfang Karlsruhe : 1837
Schloss Gottesaue Karlsruhe Karlsruhe Schloss : 2069
Schloss Gottesaue Karlsruhe Karlsruhe Zoologischer Stadtgarten : 1837
Schloss Gottesaue Karlsruhe Karlsruhe ZKM : 3554
Schloss Gottesaue Karlsruhe Karlsruhe Badisches Landesmuseum : 1837
Schloss Gottesaue Karlsruhe Durlach Turmberg : 4722
Schloss Gottesaue Karlsruhe Karlsruhe Staatliche Kunsthalle : 1837
Schloss Gottesaue Karlsruhe Naturkundemuseum Karlsruhe : 26393
Schloss Gottesaue Karlsruhe Pfarrkirche St Stephan Karlsruhe : 1837
Alter Schlachthof Karlsruhe Entenfang Karlsruhe : 2158
Alter Schlachthof Karlsruhe Pfarrkirche St Stephan Karlsruhe : 2158
Alter Schlachthof Karlsruhe Schloss Gottesaue Karlsruhe : 320
Evangelisce Christuskirche Karlsruhe Entenfang Karlsruhe : 0
Evangelisce Christuskirche Karlsruhe Karlsruhe Schloss : 428
Evangelisce Christuskirche Karlsruhe Karlsruhe Zoologischer Stadtgarten : 0
Evangelisce Christuskirche Karlsruhe Karlsruhe ZKM : 2040
Evangelisce Christuskirche Karlsruhe Karlsruhe Badisches Landesmuseum : 0
Evangelisce Christuskirche Karlsruhe Durlach Turmberg : 6524
Evangelisce Christuskirche Karlsruhe Karlsruhe Staatliche Kunsthalle : 0
Evangelisce Christuskirche Karlsruhe Naturkundemuseum Karlsruhe : 28195
Evangelisce Christuskirche Karlsruhe Pfarrkirche St Stephan Karlsruhe : 0
Evangelisce Christuskirche Karlsruhe Schloss Gottesaue Karlsruhe : 1837
Evangelisce Christuskirche Karlsruhe Alter Schlachthof Karlsruhe : 2158
Soria Lisboa : 761418
Barcelona Lisboa : 1201042
Barcelona Soria : 452511
Karlsruhe Lisboa : 2079736
Karlsruhe Soria : 1372530
Karlsruhe Barcelona : 1138684
Baden Baden Lisboa : 2053816
Baden Baden Soria : 1346323
Baden Baden Barcelona : 1108342
Baden Baden Karlsruhe : 34330
Amsterdam Lisboa : 2172153
Amsterdam Soria : 1477201
Amsterdam Barcelona : 1436620
Amsterdam Baden Baden : 540035
Madrid Lisboa : 593619
Madrid Soria : 214361
Madrid Barcelona : 607388
Madrid Baden Baden : 1545721
Karlsruhe Madrid : 1573098
Paris Lisboa : 1692964
Paris Soria : 998011
Paris Barcelona : 997155
Paris Baden Baden : 480056
Paris Madrid : 1198579
Paris Karlsruhe : 496386
Hannover Lisboa : 2402532
Hannover Soria : 1706914
Hannover Barcelona : 1563485
Hannover Baden Baden : 464589
Hannover Madrid : 1907482
Hannover Karlsruhe : 430584
Hannover Paris : 726236
Veneza Lisboa : 2276497
Veneza Soria : 1549427
Veneza Barcelona : 1058347
Veneza Baden Baden : 650271
Veneza Madrid : 1744888
Veneza Karlsruhe : 655729
Veneza Paris : 1052718
Veneza Hannover : 980541
Amsterdam Madrid : 1677768
Amsterdam Paris : 479468
Amsterdam Hannover : 364801
Amsterdam Veneza : 1181650
Pádova Lisboa : 2354273
Pádova Soria : 1644383
Pádova Barcelona : 1202246
Pádova Baden Baden : 730402
Pádova Madrid : 1801344
Pádova Karlsruhe : 730730
Pádova Paris : 1078692
Hannover Pádova : 1177947
Amsterdam Pádova : 1285114
Munich Lisboa : 2460013
Munich Soria : 1802737
Munich Barcelona : 1372322
Munich Baden Baden : 318264
Munich Madrid : 1971420
Munich Karlsruhe : 287356
Munich Pádova : 518039
Munich Hannover : 632244
Amsterdam Munich : 824393
Copenhaga Lisboa : 2958029
Copenhaga Madrid : 2498188
Copenhaga Paris : 1232341
Miami Lisboa : 6678944
Miami Madrid : 7098695
Miami Paris : 7364811
Miami Copenhaga : 7843403
Londres Lisboa : 2179906
Paris Londres : 462158
Milão Lisboa : 2129924
Milão Londres : 1260520
Milão Paris : 851768
Atenas Lisboa : 4237993
Atenas Londres : 3187685
Atenas Paris : 2959907
Atenas Milão : 2130056
Varsóvia Lisboa : 3316795
Varsóvia Londres : 1636892
Varsóvia Paris : 1591107
Varsóvia Milão : 1545413
Varsóvia Atenas : 2341879
Istambul Lisboa : 4079555
Istambul Londres : 3029247
Istambul Paris : 2801469
Istambul Milão : 1971617
Istambul Atenas : 1095384
Istambul Varsóvia : 2180601
Praga Lisboa : 2701704
Praga Londres : 1263912
Praga Paris : 1035778
Praga Milão : 865950
Praga Atenas : 1996403
Praga Varsóvia : 685689
Praga Istambul : 1834157
Santo Tirso Lisboa : 339547
Abrantes Lisboa : 143178
Abrantes Santo Tirso : 261484
Castelo Branco Lisboa : 224044
Castelo Branco Santo Tirso : 284370
Castelo Branco Abrantes : 86616
Braga Lisboa : 362885
Braga Santo Tirso : 36467
Braga Abrantes : 285803
Braga Castelo Branco : 309018
Faro Lisboa : 3511200
Faro Santo Tirso : 3339754
Faro Abrantes : 3373771
Faro Castelo Branco : 3293508
Faro Braga : 3331403
Setúbal Lisboa : 49644
Setúbal Santo Tirso : 375339
Setúbal Abrantes : 179094
Setúbal Castelo Branco : 259436
Setúbal Braga : 398327
Setúbal Faro : 3529610
Sintra Lisboa : 27950
Sintra Santo Tirso : 359564
Sintra Abrantes : 163319
Sintra Castelo Branco : 243661
Sintra Braga : 382552
Sintra Faro : 3532424
Sintra Setúbal : 69944
Sagres Lisboa : 327010
Sagres Santo Tirso : 625283
Sagres Abrantes : 429038
Sagres Castelo Branco : 509380
Sagres Braga : 648271
Sagres Faro : 3767186
Sagres Setúbal : 293163
Sagres Sintra : 348661
Faro Algarve Lisboa : 278042
Faro Algarve Santo Tirso : 576316
Faro Algarve Abrantes : 380070
Faro Algarve Castelo Branco : 460412
Faro Algarve Braga : 599303
Setúbal Faro Algarve : 243619
Sintra Faro Algarve : 299268
Sagres Faro Algarve : 115652
Karlsruhe Abrantes : 2044490
Porto Lisboa : 313327
Bragança Lisboa : 484977
Bragança Porto : 209213
Setúbal Lisboa : 49644
Setúbal Porto : 348038
Setúbal Bragança : 520193
Vila Franca de Xira Lisboa : 30813
Vila Franca de Xira Porto : 282035
Vila Franca de Xira Bragança : 454190
Vila Franca de Xira Setúbal : 66423
Abrantes Lisboa : 143456
Abrantes Porto : 234183
Abrantes Bragança : 352756
Abrantes Setúbal : 179066
Abrantes Vila Franca de Xira : 113235
Gaia Lisboa : 2795553
Gaia Porto : 2644180
Gaia Bragança : 2409416
Gaia Setúbal : 2832089
Gaia Vila Franca de Xira : 2765332
Gaia Abrantes : 2657846
Chaves Lisboa : 437240
Chaves Porto : 152021
Chaves Bragança : 110059
Chaves Setúbal : 472850
Chaves Vila Franca de Xira : 407019
Chaves Abrantes : 359881
Chaves Gaia : 2489494
Alenquer Lisboa : 46259
Alenquer Porto : 281221
Alenquer Bragança : 453375
Alenquer Setúbal : 81868
Alenquer Vila Franca de Xira : 16037
Alenquer Abrantes : 112277
Alenquer Gaia : 2755629
Alenquer Chaves : 405829
Figueiró dos Vinhos Lisboa : 183520
Figueiró dos Vinhos Porto : 166826
Figueiró dos Vinhos Bragança : 338980
Figueiró dos Vinhos Setúbal : 219129
Figueiró dos Vinhos Vila Franca de Xira : 153298
Figueiró dos Vinhos Abrantes : 89544
Figueiró dos Vinhos Gaia : 2660052
Figueiró dos Vinhos Chaves : 291434
Figueiró dos Vinhos Alenquer : 151916
Porto Lisboa : 313327
Bragança Lisboa : 484977
Bragança Porto : 209213
Setúbal Lisboa : 49644
Setúbal Porto : 348038
Setúbal Bragança : 520193
Vila Franca de Xira Lisboa : 30813
Vila Franca de Xira Porto : 282035
Vila Franca de Xira Bragança : 454190
Vila Franca de Xira Setúbal : 66423
Abrantes Lisboa : 143456
Abrantes Porto : 234183
Abrantes Bragança : 352756
Abrantes Setúbal : 179066
Abrantes Vila Franca de Xira : 113235
Gaia Lisboa : 2795553
Gaia Porto : 2644180
Gaia Bragança : 2409416
Gaia Setúbal : 2832089
Gaia Vila Franca de Xira : 2765332
Gaia Abrantes : 2657846
Chaves Lisboa : 437240
Chaves Porto : 152021
Chaves Bragança : 110059
Chaves Setúbal : 472850
Chaves Vila Franca de Xira : 407019
Chaves Abrantes : 359881
Chaves Gaia : 2489494
Alenquer Lisboa : 46259
Alenquer Porto : 281221
Alenquer Bragança : 453375
Alenquer Setúbal : 81868
Alenquer Vila Franca de Xira : 16037
Alenquer Abrantes : 112277
Alenquer Gaia : 2755629
Alenquer Chaves : 405829
Figueiró dos Vinhos Lisboa : 183520
Figueiró dos Vinhos Porto : 166826
Figueiró dos Vinhos Bragança : 338980
Figueiró dos Vinhos Setúbal : 219129
Figueiró dos Vinhos Vila Franca de Xira : 153298
Figueiró dos Vinhos Abrantes : 89544
Figueiró dos Vinhos Gaia : 2660052
Figueiró dos Vinhos Chaves : 291434
Figueiró dos Vinhos Alenquer : 151916
Porto Lisboa : 313327
Bragança Lisboa : 484977
Bragança Porto : 209213
Setúbal Lisboa : 49644
Setúbal Porto : 348038
Setúbal Bragança : 520193
Vila Franca de Xira Lisboa : 30813
Vila Franca de Xira Porto : 282035
Vila Franca de Xira Bragança : 454190
Vila Franca de Xira Setúbal : 66423
Abrantes Lisboa : 143456
Abrantes Porto : 234183
Abrantes Bragança : 352756
Abrantes Setúbal : 179066
Abrantes Vila Franca de Xira : 113235
Gaia Lisboa : 2795553
Gaia Porto : 2644180
Gaia Bragança : 2409416
Gaia Setúbal : 2832089
Gaia Vila Franca de Xira : 2765332
Gaia Abrantes : 2657846
Chaves Lisboa : 437240
Chaves Porto : 152021
Chaves Bragança : 110059
Chaves Setúbal : 472850
Chaves Vila Franca de Xira : 407019
Chaves Abrantes : 359881
Chaves Gaia : 2489494
Alenquer Lisboa : 46259
Alenquer Porto : 281221
Alenquer Bragança : 453375
Alenquer Setúbal : 81868
Alenquer Vila Franca de Xira : 16037
Alenquer Abrantes : 112277
Alenquer Gaia : 2755629
Alenquer Chaves : 405829
Figueiró dos Vinhos Lisboa : 183520
Figueiró dos Vinhos Porto : 166826
Figueiró dos Vinhos Bragança : 338980
Figueiró dos Vinhos Setúbal : 219129
Figueiró dos Vinhos Vila Franca de Xira : 153298
Figueiró dos Vinhos Abrantes : 89544
Figueiró dos Vinhos Gaia : 2660052
Figueiró dos Vinhos Chaves : 291434
Figueiró dos Vinhos Alenquer : 151916
Porto Lisboa : 313327
Porto Lisboa : 313327
Bragança Lisboa : 484977
Bragança Porto : 209213
Porto Lisboa : 313327
Bragança Lisboa : 484977
Bragança Porto : 209213
Porto Lisboa : 313327
Bragança Lisboa : 484977
Bragança Porto : 209213
Porto Lisboa : 313327
Bragança Lisboa : 484977
Bragança Porto : 209213
Porto Lisboa : 313327
Bragança Lisboa : 484977
Bragança Porto : 209213
Bragança Lisboa : 484977
Funchal Lisboa : 973788
Funchal Bragança : 1357023
Funchal Lisboa : 973788
Porto Lisboa : 313327
Porto Funchal : 1198117
Madrid Lisboa : 628867
Madrid Funchal : 1460965
Madrid Porto : 561654
Funchal Lisboa : 973788
Pyongyang Lisboa : 10234114
Pyongyang Funchal : 11173543
Funchal Lisboa : 973788
Pyongyang Lisboa : 10234114
Pyongyang Funchal : 11173543
Porto Lisboa : 313327
Coimbra Lisboa : 206328
Coimbra Porto : 121606
Porto Lisboa : 313327
Coimbra Lisboa : 206328
Coimbra Porto : 121606
Porto Lisboa : 313327
Coimbra Lisboa : 206328
Coimbra Porto : 121606
Porto Lisboa : 313327
Coimbra Lisboa : 206328
Coimbra Porto : 121606
